(j,l)=(0, -2)      vector*36 = [-28, 0, 0, 0, 0, -16, 0, 0]             matches generator #1 with sign +
(j,l)=(0, -1)      vector*36 = [12, 0, 0, 0, 0, -24, 0, 0]              matches generator #22 with sign -
(j,l)=(0, 0)       vector*36 = [36, 0, 0, 0, 0, 0, 0, 0]                matches generator #0 with sign -
(j,l)=(0, 1)       vector*36 = [12, 0, 0, 0, 0, 24, 0, 0]               matches generator #21 with sign -
(j,l)=(0, 2)       vector*36 = [-28, 0, 0, 0, 0, 16, 0, 0]              matches generator #2 with sign +
(j,l)=(1, -2)      vector*36 = [-8, -7, 8, -7, -8, 7, -8, -7]           matches generator #29 with sign +
(j,l)=(1, -1)      vector*36 = [-12, 3, 12, 3, -12, -3, -12, 3]         matches generator #25 with sign +
(j,l)=(1, 0)       vector*36 = [0, 9, 0, 9, 0, -9, 0, 9]                matches generator #50 with sign -
(j,l)=(1, 1)       vector*36 = [12, 3, -12, 3, 12, -3, 12, 3]           matches generator #19 with sign -
(j,l)=(1, 2)       vector*36 = [8, -7, -8, -7, 8, 7, 8, -7]             matches generator #33 with sign -
(j,l)=(2, -2)      vector*36 = [0, 8, -14, 0, -14, 0, 0, -8]            matches generator #56 with sign -
(j,l)=(2, -1)      vector*36 = [0, 12, 6, 0, 6, 0, 0, -12]              matches generator #45 with sign -
(j,l)=(2, 0)       vector*36 = [0, 0, 18, 0, 18, 0, 0, 0]               matches generator #57 with sign -
(j,l)=(2, 1)       vector*36 = [0, -12, 6, 0, 6, 0, 0, 12]              matches generator #48 with sign +
(j,l)=(2, 2)       vector*36 = [0, -8, -14, 0, -14, 0, 0, 8]            matches generator #53 with sign +
(j,l)=(3, -2)      vector*36 = [16, -14, 0, 0, -16, -14, 0, 0]          matches generator #12 with sign -
(j,l)=(3, -1)      vector*36 = [24, 6, 0, 0, -24, 6, 0, 0]              matches generator #4 with sign -
(j,l)=(3, 0)       vector*36 = [0, 18, 0, 0, 0, 18, 0, 0]               matches generator #41 with sign -
(j,l)=(3, 1)       vector*36 = [-24, 6, 0, 0, 24, 6, 0, 0]              matches generator #6 with sign +
(j,l)=(3, 2)       vector*36 = [-16, -14, 0, 0, 16, -14, 0, 0]          matches generator #10 with sign +
(j,l)=(4, -2)      vector*36 = [-14, 0, 0, 8, 0, -8, -14, 0]            matches generator #15 with sign +
(j,l)=(4, -1)      vector*36 = [6, 0, 0, 12, 0, -12, 6, 0]              matches generator #36 with sign -
(j,l)=(4, 0)       vector*36 = [18, 0, 0, 0, 0, 0, 18, 0]               matches generator #7 with sign -
(j,l)=(4, 1)       vector*36 = [6, 0, 0, -12, 0, 12, 6, 0]              matches generator #37 with sign -
(j,l)=(4, 2)       vector*36 = [-14, 0, 0, -8, 0, 8, -14, 0]            matches generator #14 with sign +
(j,l)=(5, -2)      vector*36 = [8, 7, 8, -7, 8, -7, -8, -7]             matches generator #27 with sign -
(j,l)=(5, -1)      vector*36 = [12, -3, 12, 3, 12, 3, -12, 3]           matches generator #23 with sign -
(j,l)=(5, 0)       vector*36 = [0, -9, 0, 9, 0, 9, 0, 9]                matches generator #52 with sign +
(j,l)=(5, 1)       vector*36 = [-12, -3, -12, 3, -12, 3, 12, 3]         matches generator #17 with sign +
(j,l)=(5, 2)       vector*36 = [-8, 7, -8, -7, -8, -7, 8, -7]           matches generator #31 with sign +
(j,l)=(6, -2)      vector*36 = [0, 16, 0, 0, -28, 0, 0, 0]              matches generator #44 with sign -
(j,l)=(6, -1)      vector*36 = [0, 24, 0, 0, 12, 0, 0, 0]               matches generator #39 with sign -
(j,l)=(6, 0)       vector*36 = [0, 0, 0, 0, 36, 0, 0, 0]                matches generator #59 with sign -
(j,l)=(6, 1)       vector*36 = [0, -24, 0, 0, 12, 0, 0, 0]              matches generator #40 with sign +
(j,l)=(6, 2)       vector*36 = [0, -16, 0, 0, -28, 0, 0, 0]             matches generator #43 with sign +
(j,l)=(7, -2)      vector*36 = [8, -7, 8, 7, -8, -7, 8, -7]             matches generator #32 with sign -
(j,l)=(7, -1)      vector*36 = [12, 3, 12, -3, -12, 3, 12, 3]           matches generator #18 with sign -
(j,l)=(7, 0)       vector*36 = [0, 9, 0, -9, 0, 9, 0, 9]                matches generator #51 with sign -
(j,l)=(7, 1)       vector*36 = [-12, 3, -12, -3, 12, 3, -12, 3]         matches generator #24 with sign +
(j,l)=(7, 2)       vector*36 = [-8, -7, -8, 7, 8, -7, -8, -7]           matches generator #28 with sign +
(j,l)=(8, -2)      vector*36 = [14, 0, 0, 8, 0, 8, -14, 0]              matches generator #13 with sign -
(j,l)=(8, -1)      vector*36 = [-6, 0, 0, 12, 0, 12, 6, 0]              matches generator #38 with sign +
(j,l)=(8, 0)       vector*36 = [-18, 0, 0, 0, 0, 0, 18, 0]              matches generator #8 with sign +
(j,l)=(8, 1)       vector*36 = [-6, 0, 0, -12, 0, -12, 6, 0]            matches generator #35 with sign +
(j,l)=(8, 2)       vector*36 = [14, 0, 0, -8, 0, -8, -14, 0]            matches generator #16 with sign -
(j,l)=(9, -2)      vector*36 = [16, 14, 0, 0, 16, -14, 0, 0]            matches generator #9 with sign -
(j,l)=(9, -1)      vector*36 = [24, -6, 0, 0, 24, 6, 0, 0]              matches generator #5 with sign -
(j,l)=(9, 0)       vector*36 = [0, -18, 0, 0, 0, 18, 0, 0]              matches generator #42 with sign +
(j,l)=(9, 1)       vector*36 = [-24, -6, 0, 0, -24, 6, 0, 0]            matches generator #3 with sign +
(j,l)=(9, 2)       vector*36 = [-16, 14, 0, 0, -16, -14, 0, 0]          matches generator #11 with sign +
(j,l)=(10, -2)     vector*36 = [0, 8, 14, 0, -14, 0, 0, 8]              matches generator #54 with sign -
(j,l)=(10, -1)     vector*36 = [0, 12, -6, 0, 6, 0, 0, 12]              matches generator #47 with sign -
(j,l)=(10, 0)      vector*36 = [0, 0, -18, 0, 18, 0, 0, 0]              matches generator #58 with sign +
(j,l)=(10, 1)      vector*36 = [0, -12, -6, 0, 6, 0, 0, -12]            matches generator #46 with sign +
(j,l)=(10, 2)      vector*36 = [0, -8, 14, 0, -14, 0, 0, -8]            matches generator #55 with sign +
(j,l)=(11, -2)     vector*36 = [-8, 7, 8, 7, 8, 7, 8, -7]               matches generator #34 with sign +
(j,l)=(11, -1)     vector*36 = [-12, -3, 12, -3, 12, -3, 12, 3]         matches generator #20 with sign +
(j,l)=(11, 0)      vector*36 = [0, -9, 0, -9, 0, -9, 0, 9]              matches generator #49 with sign +
(j,l)=(11, 1)      vector*36 = [12, -3, -12, -3, -12, -3, -12, 3]       matches generator #26 with sign -
(j,l)=(11, 2)      vector*36 = [8, 7, -8, 7, -8, 7, -8, -7]             matches generator #30 with sign -
(j,l)=(12, -2)     vector*36 = [28, 0, 0, 0, 0, 16, 0, 0]               matches generator #1 with sign -
(j,l)=(12, -1)     vector*36 = [-12, 0, 0, 0, 0, 24, 0, 0]              matches generator #22 with sign +
(j,l)=(12, 0)      vector*36 = [-36, 0, 0, 0, 0, 0, 0, 0]               matches generator #0 with sign +
(j,l)=(12, 1)      vector*36 = [-12, 0, 0, 0, 0, -24, 0, 0]             matches generator #21 with sign +
(j,l)=(12, 2)      vector*36 = [28, 0, 0, 0, 0, -16, 0, 0]              matches generator #2 with sign -
(j,l)=(13, -2)     vector*36 = [8, 7, -8, 7, 8, -7, 8, 7]               matches generator #29 with sign -
(j,l)=(13, -1)     vector*36 = [12, -3, -12, -3, 12, 3, 12, -3]         matches generator #25 with sign -
(j,l)=(13, 0)      vector*36 = [0, -9, 0, -9, 0, 9, 0, -9]              matches generator #50 with sign +
(j,l)=(13, 1)      vector*36 = [-12, -3, 12, -3, -12, 3, -12, -3]       matches generator #19 with sign +
(j,l)=(13, 2)      vector*36 = [-8, 7, 8, 7, -8, -7, -8, 7]             matches generator #33 with sign +
(j,l)=(14, -2)     vector*36 = [0, -8, 14, 0, 14, 0, 0, 8]              matches generator #56 with sign +
(j,l)=(14, -1)     vector*36 = [0, -12, -6, 0, -6, 0, 0, 12]            matches generator #45 with sign +
(j,l)=(14, 0)      vector*36 = [0, 0, -18, 0, -18, 0, 0, 0]             matches generator #57 with sign +
(j,l)=(14, 1)      vector*36 = [0, 12, -6, 0, -6, 0, 0, -12]            matches generator #48 with sign -
(j,l)=(14, 2)      vector*36 = [0, 8, 14, 0, 14, 0, 0, -8]              matches generator #53 with sign -
(j,l)=(15, -2)     vector*36 = [-16, 14, 0, 0, 16, 14, 0, 0]            matches generator #12 with sign +
(j,l)=(15, -1)     vector*36 = [-24, -6, 0, 0, 24, -6, 0, 0]            matches generator #4 with sign +
(j,l)=(15, 0)      vector*36 = [0, -18, 0, 0, 0, -18, 0, 0]             matches generator #41 with sign +
(j,l)=(15, 1)      vector*36 = [24, -6, 0, 0, -24, -6, 0, 0]            matches generator #6 with sign -
(j,l)=(15, 2)      vector*36 = [16, 14, 0, 0, -16, 14, 0, 0]            matches generator #10 with sign -
(j,l)=(16, -2)     vector*36 = [14, 0, 0, -8, 0, 8, 14, 0]              matches generator #15 with sign -
(j,l)=(16, -1)     vector*36 = [-6, 0, 0, -12, 0, 12, -6, 0]            matches generator #36 with sign +
(j,l)=(16, 0)      vector*36 = [-18, 0, 0, 0, 0, 0, -18, 0]             matches generator #7 with sign +
(j,l)=(16, 1)      vector*36 = [-6, 0, 0, 12, 0, -12, -6, 0]            matches generator #37 with sign +
(j,l)=(16, 2)      vector*36 = [14, 0, 0, 8, 0, -8, 14, 0]              matches generator #14 with sign -
(j,l)=(17, -2)     vector*36 = [-8, -7, -8, 7, -8, 7, 8, 7]             matches generator #27 with sign +
(j,l)=(17, -1)     vector*36 = [-12, 3, -12, -3, -12, -3, 12, -3]       matches generator #23 with sign +
(j,l)=(17, 0)      vector*36 = [0, 9, 0, -9, 0, -9, 0, -9]              matches generator #52 with sign -
(j,l)=(17, 1)      vector*36 = [12, 3, 12, -3, 12, -3, -12, -3]         matches generator #17 with sign -
(j,l)=(17, 2)      vector*36 = [8, -7, 8, 7, 8, 7, -8, 7]               matches generator #31 with sign -
(j,l)=(18, -2)     vector*36 = [0, -16, 0, 0, 28, 0, 0, 0]              matches generator #44 with sign +
(j,l)=(18, -1)     vector*36 = [0, -24, 0, 0, -12, 0, 0, 0]             matches generator #39 with sign +
(j,l)=(18, 0)      vector*36 = [0, 0, 0, 0, -36, 0, 0, 0]               matches generator #59 with sign +
(j,l)=(18, 1)      vector*36 = [0, 24, 0, 0, -12, 0, 0, 0]              matches generator #40 with sign -
(j,l)=(18, 2)      vector*36 = [0, 16, 0, 0, 28, 0, 0, 0]               matches generator #43 with sign -
(j,l)=(19, -2)     vector*36 = [-8, 7, -8, -7, 8, 7, -8, 7]             matches generator #32 with sign +
(j,l)=(19, -1)     vector*36 = [-12, -3, -12, 3, 12, -3, -12, -3]       matches generator #18 with sign +
(j,l)=(19, 0)      vector*36 = [0, -9, 0, 9, 0, -9, 0, -9]              matches generator #51 with sign +
(j,l)=(19, 1)      vector*36 = [12, -3, 12, 3, -12, -3, 12, -3]         matches generator #24 with sign -
(j,l)=(19, 2)      vector*36 = [8, 7, 8, -7, -8, 7, 8, 7]               matches generator #28 with sign -
(j,l)=(20, -2)     vector*36 = [-14, 0, 0, -8, 0, -8, 14, 0]            matches generator #13 with sign +
(j,l)=(20, -1)     vector*36 = [6, 0, 0, -12, 0, -12, -6, 0]            matches generator #38 with sign -
(j,l)=(20, 0)      vector*36 = [18, 0, 0, 0, 0, 0, -18, 0]              matches generator #8 with sign -
(j,l)=(20, 1)      vector*36 = [6, 0, 0, 12, 0, 12, -6, 0]              matches generator #35 with sign -
(j,l)=(20, 2)      vector*36 = [-14, 0, 0, 8, 0, 8, 14, 0]              matches generator #16 with sign +
(j,l)=(21, -2)     vector*36 = [-16, -14, 0, 0, -16, 14, 0, 0]          matches generator #9 with sign +
(j,l)=(21, -1)     vector*36 = [-24, 6, 0, 0, -24, -6, 0, 0]            matches generator #5 with sign +
(j,l)=(21, 0)      vector*36 = [0, 18, 0, 0, 0, -18, 0, 0]              matches generator #42 with sign -
(j,l)=(21, 1)      vector*36 = [24, 6, 0, 0, 24, -6, 0, 0]              matches generator #3 with sign -
(j,l)=(21, 2)      vector*36 = [16, -14, 0, 0, 16, 14, 0, 0]            matches generator #11 with sign -
(j,l)=(22, -2)     vector*36 = [0, -8, -14, 0, 14, 0, 0, -8]            matches generator #54 with sign +
(j,l)=(22, -1)     vector*36 = [0, -12, 6, 0, -6, 0, 0, -12]            matches generator #47 with sign +
(j,l)=(22, 0)      vector*36 = [0, 0, 18, 0, -18, 0, 0, 0]              matches generator #58 with sign -
(j,l)=(22, 1)      vector*36 = [0, 12, 6, 0, -6, 0, 0, 12]              matches generator #46 with sign -
(j,l)=(22, 2)      vector*36 = [0, 8, -14, 0, 14, 0, 0, 8]              matches generator #55 with sign -
(j,l)=(23, -2)     vector*36 = [8, -7, -8, -7, -8, -7, -8, 7]           matches generator #34 with sign -
(j,l)=(23, -1)     vector*36 = [12, 3, -12, 3, -12, 3, -12, -3]         matches generator #20 with sign -
(j,l)=(23, 0)      vector*36 = [0, 9, 0, 9, 0, 9, 0, -9]                matches generator #49 with sign -
(j,l)=(23, 1)      vector*36 = [-12, 3, 12, 3, 12, 3, 12, -3]           matches generator #26 with sign +
(j,l)=(23, 2)      vector*36 = [-8, -7, 8, -7, 8, -7, 8, 7]             matches generator #30 with sign +
generators matched: 60 of 60; constructed vectors: 120; unmatched constructed: 0
info: {'zeta_norm_is_1': True, 'w_norm_is_1': True, 'zeta^2 == (sqrt3/2, 1/2)': True, 'zeta^12 == -1': True, 'zeta^24 == 1': True, 'zeta primitive 24th root': True, 'float zeta angle deg': 14.999999999999998, 'float w': (0.3333333333333333, 0.9428090415820634)}
exit 0
