generator [-84, 0, 0, 0, 0, 0, 0, 0]               angle  180.0000 deg  edges 245
generator [-78, 0, 0, 0, 0, -18, 0, 0]             angle -158.2132 deg  edges 326
generator [-78, 0, 0, 0, 0, 18, 0, 0]              angle  158.2132 deg  edges 0
generator [-70, 0, 0, 0, 0, 0, -14, 0]             angle -146.4427 deg  edges 429
generator [-70, 0, 0, 0, 0, 0, 14, 0]              angle  146.4427 deg  edges 396
generator [-66, 0, 0, 0, 0, -30, 0, 0]             angle -141.7868 deg  edges 0
generator [-66, 0, 0, 0, 0, 30, 0, 0]              angle  141.7868 deg  edges 207
generator [-65, 0, 0, -3, 0, -15, 13, 0]           angle  168.2295 deg  edges 606
generator [-65, 0, 0, -3, 0, 15, -13, 0]           angle -168.2295 deg  edges 0
generator [-65, 0, 0, 3, 0, -15, -13, 0]           angle -124.6559 deg  edges 520
generator [-65, 0, 0, 3, 0, 15, 13, 0]             angle  124.6559 deg  edges 0
generator [-55, 0, 0, -5, 0, -25, 11, 0]           angle -175.3441 deg  edges 0
generator [-55, 0, 0, -5, 0, 25, -11, 0]           angle  175.3441 deg  edges 478
generator [-55, 0, 0, 5, 0, -25, -11, 0]           angle -108.2295 deg  edges 0
generator [-55, 0, 0, 5, 0, 25, 11, 0]             angle  108.2295 deg  edges 433
generator [-42, 0, 0, 0, 0, -42, 0, 0]             angle -120.0000 deg  edges 310
generator [-42, 0, 0, 0, 0, 42, 0, 0]              angle  120.0000 deg  edges 346
generator [-35, 0, 0, -7, 0, -35, 7, 0]            angle -153.5573 deg  edges 615
generator [-35, 0, 0, -7, 0, 35, -7, 0]            angle  153.5573 deg  edges 527
generator [-35, 0, 0, 7, 0, -35, -7, 0]            angle  -86.4427 deg  edges 507
generator [-35, 0, 0, 7, 0, 35, 7, 0]              angle   86.4427 deg  edges 454
generator [-12, 0, 0, 0, 0, -48, 0, 0]             angle  -98.2132 deg  edges 334
generator [-12, 0, 0, 0, 0, 48, 0, 0]              angle   98.2132 deg  edges 0
generator [-10, 0, 0, -8, 0, -40, 2, 0]            angle -131.7705 deg  edges 531
generator [-10, 0, 0, -8, 0, 40, -2, 0]            angle  131.7705 deg  edges 0
generator [-10, 0, 0, 8, 0, -40, -2, 0]            angle  -64.6559 deg  edges 623
generator [-10, 0, 0, 8, 0, 40, 2, 0]              angle   64.6559 deg  edges 0
generators used by no edge: 9 of 27
