generator [-36, 0, 0, 0, 0, 0, 0, 0]               angle  180.0000 deg  edges 168
generator [-28, 0, 0, 0, 0, -16, 0, 0]             angle -141.0576 deg  edges 0
generator [-28, 0, 0, 0, 0, 16, 0, 0]              angle  141.0576 deg  edges 129
generator [-24, -6, 0, 0, -24, 6, 0, 0]            angle -154.4712 deg  edges 279
generator [-24, -6, 0, 0, 24, -6, 0, 0]            angle  154.4712 deg  edges 0
generator [-24, 6, 0, 0, -24, -6, 0, 0]            angle -115.5288 deg  edges 0
generator [-24, 6, 0, 0, 24, 6, 0, 0]              angle  115.5288 deg  edges 277
generator [-18, 0, 0, 0, 0, 0, -18, 0]             angle -120.0000 deg  edges 134
generator [-18, 0, 0, 0, 0, 0, 18, 0]              angle  120.0000 deg  edges 133
generator [-16, -14, 0, 0, -16, 14, 0, 0]          angle  173.9424 deg  edges 0
generator [-16, -14, 0, 0, 16, -14, 0, 0]          angle -173.9424 deg  edges 130
generator [-16, 14, 0, 0, -16, -14, 0, 0]          angle  -83.9424 deg  edges 133
generator [-16, 14, 0, 0, 16, 14, 0, 0]            angle   83.9424 deg  edges 0
generator [-14, 0, 0, -8, 0, -8, 14, 0]            angle  158.9424 deg  edges 0
generator [-14, 0, 0, -8, 0, 8, -14, 0]            angle -158.9424 deg  edges 123
generator [-14, 0, 0, 8, 0, -8, -14, 0]            angle  -81.0576 deg  edges 0
generator [-14, 0, 0, 8, 0, 8, 14, 0]              angle   81.0576 deg  edges 179
generator [-12, -3, -12, 3, -12, 3, 12, 3]         angle  145.5288 deg  edges 245
generator [-12, -3, -12, 3, 12, -3, -12, -3]       angle -145.5288 deg  edges 0
generator [-12, -3, 12, -3, -12, 3, -12, -3]       angle  -94.4712 deg  edges 277
generator [-12, -3, 12, -3, 12, -3, 12, 3]         angle   94.4712 deg  edges 0
generator [-12, 0, 0, 0, 0, -24, 0, 0]             angle -109.4712 deg  edges 289
generator [-12, 0, 0, 0, 0, 24, 0, 0]              angle  109.4712 deg  edges 0
generator [-12, 3, -12, -3, -12, -3, 12, -3]       angle -175.5288 deg  edges 0
generator [-12, 3, -12, -3, 12, 3, -12, 3]         angle  175.5288 deg  edges 246
generator [-12, 3, 12, 3, -12, -3, -12, 3]         angle  -55.5288 deg  edges 0
generator [-12, 3, 12, 3, 12, 3, 12, -3]           angle   55.5288 deg  edges 226
generator [-8, -7, -8, 7, -8, 7, 8, 7]             angle  113.9424 deg  edges 0
generator [-8, -7, -8, 7, 8, -7, -8, -7]           angle -113.9424 deg  edges 85
generator [-8, -7, 8, -7, -8, 7, -8, -7]           angle -126.0576 deg  edges 0
generator [-8, -7, 8, -7, 8, -7, 8, 7]             angle  126.0576 deg  edges 110
generator [-8, 7, -8, -7, -8, -7, 8, -7]           angle -143.9424 deg  edges 123
generator [-8, 7, -8, -7, 8, 7, -8, 7]             angle  143.9424 deg  edges 0
generator [-8, 7, 8, 7, -8, -7, -8, 7]             angle  -23.9424 deg  edges 128
generator [-8, 7, 8, 7, 8, 7, 8, -7]               angle   23.9424 deg  edges 0
generator [-6, 0, 0, -12, 0, -12, 6, 0]            angle -169.4712 deg  edges 290
generator [-6, 0, 0, -12, 0, 12, -6, 0]            angle  169.4712 deg  edges 0
generator [-6, 0, 0, 12, 0, -12, -6, 0]            angle  -49.4712 deg  edges 259
generator [-6, 0, 0, 12, 0, 12, 6, 0]              angle   49.4712 deg  edges 0
generator [0, -24, 0, 0, -12, 0, 0, 0]             angle -160.5288 deg  edges 0
generator [0, -24, 0, 0, 12, 0, 0, 0]              angle  160.5288 deg  edges 237
generator [0, -18, 0, 0, 0, -18, 0, 0]             angle -135.0000 deg  edges 136
generator [0, -18, 0, 0, 0, 18, 0, 0]              angle  135.0000 deg  edges 157
generator [0, -16, 0, 0, -28, 0, 0, 0]             angle -128.9424 deg  edges 110
generator [0, -16, 0, 0, 28, 0, 0, 0]              angle  128.9424 deg  edges 0
generator [0, -12, -6, 0, -6, 0, 0, 12]            angle  139.4712 deg  edges 0
generator [0, -12, -6, 0, 6, 0, 0, -12]            angle -139.4712 deg  edges 263
generator [0, -12, 6, 0, -6, 0, 0, -12]            angle -100.5288 deg  edges 0
generator [0, -12, 6, 0, 6, 0, 0, 12]              angle  100.5288 deg  edges 233
generator [0, -9, 0, -9, 0, -9, 0, 9]              angle  165.0000 deg  edges 86
generator [0, -9, 0, -9, 0, 9, 0, -9]              angle -165.0000 deg  edges 133
generator [0, -9, 0, 9, 0, -9, 0, -9]              angle  -75.0000 deg  edges 155
generator [0, -9, 0, 9, 0, 9, 0, 9]                angle   75.0000 deg  edges 98
generator [0, -8, -14, 0, -14, 0, 0, 8]            angle  171.0576 deg  edges 148
generator [0, -8, -14, 0, 14, 0, 0, -8]            angle -171.0576 deg  edges 0
generator [0, -8, 14, 0, -14, 0, 0, -8]            angle  -68.9424 deg  edges 115
generator [0, -8, 14, 0, 14, 0, 0, 8]              angle   68.9424 deg  edges 0
generator [0, 0, -18, 0, -18, 0, 0, 0]             angle -150.0000 deg  edges 100
generator [0, 0, -18, 0, 18, 0, 0, 0]              angle  150.0000 deg  edges 145
generator [0, 0, 0, 0, -36, 0, 0, 0]               angle  -90.0000 deg  edges 120
generators used by no edge: 24 of 60
