file: ../cayfin/witness_q2_3_cayley.json.gz
field: Q(sqrt2, sqrt3) basis: (1, sqrt2, sqrt3, sqrt6) D: 36
  CHECK basis_string_matches                                    PASS
  CHECK denominator_positive_int                                PASS
  CHECK generators_are_int8                                     PASS
  CHECK points_are_int8                                         PASS
  CHECK points_distinct                                         PASS
  CHECK claim12_generators_match_construction                   PASS
  CHECK claim3_generators_unit_length                           PASS
  CHECK claim3_no_zero_generator                                PASS
  CHECK edges_well_formed                                       PASS
  CHECK edges_no_duplicates                                     PASS
  CHECK claim3_listed_edges_are_generator_differences           PASS
  CHECK claim3_every_cayley_pair_is_listed                      PASS
  CHECK fixed_vertex_in_range                                   PASS
  CHECK claim3_fixed_vertex_is_origin                           PASS
  CHECK claim3_all_points_reachable                             PASS
  CHECK colouring_length_n                                      PASS
  CHECK colouring_values_in_0123                                PASS
  CHECK claim4_proper_4_colouring                               PASS
  CHECK claim5_cycles_valid                                     PASS
  CHECK allpairs_generator_difference_count_equals_edges        PASS
  CHECK all_edges_unit_distance                                 PASS
  STAT n_points: 1657
  STAT n_edges_listed: 6199
  STAT n_generators: 60
  STAT n_cycles: 5264
  STAT n_distinct_points: 1657
  STAT construction_info: {'zeta_norm_is_1': True, 'w_norm_is_1': True, 'zeta^2 == (sqrt3/2, 1/2)': True, 'zeta^12 == -1': True, 'zeta^24 == 1': True, 'zeta primitive 24th root': True, 'float zeta angle deg': 14.999999999999998, 'float w': (0.3333333333333333, 0.9428090415820634)}
  STAT construction_compare: {'num_generators': 60, 'num_distinct_generator_pairs': 60, 'num_constructed': 120, 'num_distinct_constructed_vectors': 120, 'num_distinct_constructed_pairs': 60, 'constructed_closed_under_negation': True, 'generator_pairs_minus_constructed': 0, 'constructed_pairs_minus_generator': 0, 'ok': True}
  STAT n_signed_generators: 120
  STAT n_cayley_pairs_by_generator_search: 6199
  STAT n_duplicate_edges: 0
  STAT n_listed_edges_not_cayley: 0
  STAT n_cayley_pairs_not_listed: 0
  STAT n_listed_edges_with_bad_difference: 0
  STAT n_reachable_from_fixed_vertex: 1657
  STAT degree_min_max: (2, 71)
  STAT n_monochromatic_edges: 0
  STAT colour_class_sizes: [331, 365, 489, 472]
  STAT cycle_length_histogram: {4: 4705, 8: 559}
  STAT cycle_defects: {'format': 0, 'empty': 0, 'len_not_div4': 0, 'repeated_vertex': 0, 'non_edge_step': 0}
  STAT n_identical_duplicate_cycles: 0
  STAT n_cycles_whose_reverse_is_also_listed: 4986
  STAT n_distinct_cycles_up_to_rotation: 5264
  STAT allpairs_n_pairs_with_generator_difference: 6199
  STAT n_unit_distance_pairs: 6238
  STAT n_unit_distance_pairs_not_edges: 39
  STAT n_edges_not_unit_distance: 0
  STAT n_distinct_extra_unit_differences_up_to_sign: 17
  STAT extra_unit_differences_up_to_sign: (17 entries, first 10) [[[0, 18, 6, 0, 18, 0, 0, -6], 6], [[0, 0, 0, 12, 0, 0, 12, 0], 4], [[0, 0, 12, 0, 0, 0, 0, -12], 4], [[0, 0, 12, 6, 0, 0, -12, 6], 4], [[0, 18, -6, 0, 18, 0, 0, 6], 4], [[6, 15, -2, 5, 6, -15, 2, 5], 2], [[0, 0, 20, 0, 0, 0, 0, 4], 2], [[18, 9, 6, -3, -18, 9, 6, 3], 2], [[18, -9, -6, -3, 18, 9, 6, -3], 2], [[0, 6, -10, 0, -30, 0, 0, -2], 2]]
  STAT unit_check_seconds: 3.3
  STAT float_crosscheck_unit_pairs: 6238
  STAT seconds: 4.3
OVERALL: PASS
exit 0
