baseline failures: []
moved point 963 (coordinate 2 += 1)                                    REJECTED (good)   failing checks: ['claim3_listed_edges_are_generator_differences']
moved point 1492 (coordinate 4 += 1)                                   REJECTED (good)   failing checks: ['claim3_listed_edges_are_generator_differences']
moved point 410 (coordinate 6 += 1)                                    REJECTED (good)   failing checks: ['claim3_listed_edges_are_generator_differences']
moved point 1551 by a generator to an empty site                       REJECTED (good)   failing checks: ['claim3_listed_edges_are_generator_differences']
moved the fixed vertex (origin)                                        REJECTED (good)   failing checks: ['claim3_fixed_vertex_is_origin', 'claim3_listed_edges_are_generator_differences']
point 0 moved onto point 1 (duplicate)                                 REJECTED (good)   failing checks: ['claim3_every_cayley_pair_is_listed', 'claim3_listed_edges_are_generator_differences', 'points_distinct']
added non-generator edge (1553,543)                                    REJECTED (good)   failing checks: ['claim3_listed_edges_are_generator_differences']
added UNIT-DISTANCE non-generator edge (21, 43)                        REJECTED (good)   failing checks: ['claim3_listed_edges_are_generator_differences']
added self-loop (5,5)                                                  REJECTED (good)   failing checks: ['claim3_listed_edges_are_generator_differences', 'claim4_proper_4_colouring', 'edges_well_formed']
removed Cayley edge [1022, 1040]                                       REJECTED (good)   failing checks: ['claim3_every_cayley_pair_is_listed', 'claim5_cycles_valid']
removed Cayley edge [457, 1066]                                        REJECTED (good)   failing checks: ['claim3_every_cayley_pair_is_listed', 'claim5_cycles_valid']
removed Cayley edge [1270, 1529]                                       REJECTED (good)   failing checks: ['claim3_every_cayley_pair_is_listed', 'claim5_cycles_valid']
improper colouring on edge (1553,1588)                                 REJECTED (good)   failing checks: ['claim4_proper_4_colouring']
improper colouring on edge (927,948)                                   REJECTED (good)   failing checks: ['claim4_proper_4_colouring']
improper colouring on edge (658,1270)                                  REJECTED (good)   failing checks: ['claim4_proper_4_colouring']
colour value 4 out of range                                            REJECTED (good)   failing checks: ['claim4_proper_4_colouring', 'colouring_values_in_0123']
colouring list one too short                                           REJECTED (good)   failing checks: ['claim4_proper_4_colouring', 'colouring_length_n']
cycle 3406 with vertex 732 replaced by 634 (non-edge step)             REJECTED (good)   failing checks: ['claim5_cycles_valid']
cycle 4455 with vertex 1524 replaced by 1064 (non-edge step)           REJECTED (good)   failing checks: ['claim5_cycles_valid']
cycle 611 with vertex 725 replaced by 1431 (non-edge step)             REJECTED (good)   failing checks: ['claim5_cycles_valid']
appended walk [0, 1, 2, 36] whose closing step is a non-edge           REJECTED (good)   failing checks: ['claim5_cycles_valid']
cycle traversed twice (repeated vertices)                              REJECTED (good)   failing checks: ['claim5_cycles_valid']
empty cycle                                                            REJECTED (good)   failing checks: ['claim5_cycles_valid']
length-6 closed walk with repeats                                      REJECTED (good)   failing checks: ['claim5_cycles_valid']
generator 0 doubled (length 2)                                         REJECTED (good)   failing checks: ['claim12_generators_match_construction', 'claim3_every_cayley_pair_is_listed', 'claim3_generators_unit_length', 'claim3_listed_edges_are_generator_differences']
last generator replaced by another unit vector                         REJECTED (good)   failing checks: ['claim12_generators_match_construction', 'claim3_every_cayley_pair_is_listed', 'claim3_listed_edges_are_generator_differences']
one generator dropped                                                  REJECTED (good)   failing checks: ['claim12_generators_match_construction', 'claim3_listed_edges_are_generator_differences']
added isolated far point                                               REJECTED (good)   failing checks: ['claim3_all_points_reachable']
fixed_vertex index moved to another point                              REJECTED (good)   failing checks: ['claim3_fixed_vertex_is_origin']
SANITY SUMMARY: 29 tests, 29 correctly rejected, 0 not rejected
exit 0
