baseline failures: []
moved point 963 (coordinate 2 += 1)                                    REJECTED (good)   failing checks: ['claim3_listed_edges_are_generator_differences']
moved point 1492 (coordinate 4 += 1)                                   REJECTED (good)   failing checks: ['claim3_listed_edges_are_generator_differences']
moved point 410 (coordinate 6 += 1)                                    REJECTED (good)   failing checks: ['claim3_listed_edges_are_generator_differences']
moved point 1551 by a generator to an empty site                       REJECTED (good)   failing checks: ['claim3_listed_edges_are_generator_differences']
moved the fixed vertex (origin)                                        REJECTED (good)   failing checks: ['claim3_fixed_vertex_is_origin', 'claim3_listed_edges_are_generator_differences']
point 0 moved onto point 1 (duplicate)                                 REJECTED (good)   failing checks: ['claim3_every_cayley_pair_is_listed', 'claim3_listed_edges_are_generator_differences', 'points_distinct']
added non-generator edge (1553,543)                                    REJECTED (good)   failing checks: ['claim3_listed_edges_are_generator_differences']
added UNIT-DISTANCE non-generator edge (59, 103)                       REJECTED (good)   failing checks: ['claim3_listed_edges_are_generator_differences']
added self-loop (5,5)                                                  REJECTED (good)   failing checks: ['claim3_listed_edges_are_generator_differences', 'claim4_proper_4_colouring', 'edges_well_formed']
removed Cayley edge [811, 1416]                                        REJECTED (good)   failing checks: ['claim3_every_cayley_pair_is_listed']
removed Cayley edge [350, 938]                                         REJECTED (good)   failing checks: ['claim3_every_cayley_pair_is_listed']
removed Cayley edge [994, 1330]                                        REJECTED (good)   failing checks: ['claim3_every_cayley_pair_is_listed']
improper colouring on edge (1344,1763)                                 REJECTED (good)   failing checks: ['claim4_proper_4_colouring']
improper colouring on edge (1185,1317)                                 REJECTED (good)   failing checks: ['claim4_proper_4_colouring']
improper colouring on edge (743,844)                                   REJECTED (good)   failing checks: ['claim4_proper_4_colouring']
colour value 4 out of range                                            REJECTED (good)   failing checks: ['claim4_proper_4_colouring', 'colouring_values_in_0123']
colouring list one too short                                           REJECTED (good)   failing checks: ['claim4_proper_4_colouring', 'colouring_length_n']
cycle 1450 with vertex 942 replaced by 1084 (non-edge step)            REJECTED (good)   failing checks: ['claim5_cycles_valid']
cycle 2980 with vertex 1528 replaced by 633 (non-edge step)            REJECTED (good)   failing checks: ['claim5_cycles_valid']
cycle 2227 with vertex 1695 replaced by 1068 (non-edge step)           REJECTED (good)   failing checks: ['claim5_cycles_valid']
appended walk [0, 1, 11, 79] whose closing step is a non-edge          REJECTED (good)   failing checks: ['claim5_cycles_valid']
cycle traversed twice (repeated vertices)                              REJECTED (good)   failing checks: ['claim5_cycles_valid']
empty cycle                                                            REJECTED (good)   failing checks: ['claim5_cycles_valid']
length-6 closed walk with repeats                                      REJECTED (good)   failing checks: ['claim5_cycles_valid']
generator 0 doubled (length 2)                                         REJECTED (good)   failing checks: ['claim12_generators_match_construction', 'claim3_every_cayley_pair_is_listed', 'claim3_generators_unit_length', 'claim3_listed_edges_are_generator_differences']
last generator replaced by another unit vector                         REJECTED (good)   failing checks: ['claim12_generators_match_construction', 'claim3_every_cayley_pair_is_listed']
one generator dropped                                                  REJECTED (good)   failing checks: ['claim12_generators_match_construction']
added isolated far point                                               REJECTED (good)   failing checks: ['claim3_all_points_reachable']
fixed_vertex index moved to another point                              REJECTED (good)   failing checks: ['claim3_fixed_vertex_is_origin']
SANITY SUMMARY: 29 tests, 29 correctly rejected, 0 not rejected
exit 0
