== Z^2, S={(1,0),(0,1),(1,2)}: kappa=1/2, chi_c=2
   (not in (2,4), skipped)
== Z^2, S={(2,-1),(1,1),(0,2),(1,0)}: kappa=2/5, chi_c=5/2
   box=[(0, 1), (0, 1)] |V|=4 |E|=3: acyclic-tight hom EXISTS (chi_c(piece) < p/q) | cross-check K_2/1: hom -> agree
   box=[(0, 2), (0, 2)] |V|=9 |E|=15: every hom has a tight cycle (chi_c(piece) = p/q) | cross-check K_7/3: no hom -> agree
   -> {'name': 'Z^2, S={(2,-1),(1,1),(0,2),(1,0)}', 'kappa': '2/5', 'chi_c': '5/2', 'first_piece_with_chi_c': {'box': [(0, 2), (0, 2)], 'V': 9, 'E': 15}, 'time_s': 0.0}
== Z^2, S={(3,2),(0,1),(2,2)}: kappa=3/7, chi_c=7/3
   box=[(0, 1), (0, 1)] |V|=4 |E|=2: acyclic-tight hom EXISTS (chi_c(piece) < p/q) | cross-check K_2/1: hom -> agree
   box=[(0, 2), (0, 2)] |V|=9 |E|=7: acyclic-tight hom EXISTS (chi_c(piece) < p/q) | cross-check K_9/4: hom -> agree
   box=[(0, 3), (0, 3)] |V|=16 |E|=18: acyclic-tight hom EXISTS (chi_c(piece) < p/q) | cross-check K_16/7: hom -> agree
   box=[(0, 4), (0, 4)] |V|=25 |E|=35: every hom has a tight cycle (chi_c(piece) = p/q) | cross-check K_23/10: no hom -> agree
   -> {'name': 'Z^2, S={(3,2),(0,1),(2,2)}', 'kappa': '3/7', 'chi_c': '7/3', 'first_piece_with_chi_c': {'box': [(0, 4), (0, 4)], 'V': 25, 'E': 35}, 'time_s': 0.1}
== Z^2, S={(1,0),(0,1),(2,3)}: kappa=1/2, chi_c=2
   (not in (2,4), skipped)
== Z x Z/4, S={(4,1),(2,2),(1,2)}: kappa=5/12, chi_c=12/5
   box=[(0, 1)] |V|=8 |E|=4: acyclic-tight hom EXISTS (chi_c(piece) < p/q) | cross-check K_7/3: hom -> agree
   box=[(0, 2)] |V|=12 |E|=12: acyclic-tight hom EXISTS (chi_c(piece) < p/q) | cross-check K_7/3: hom -> agree
   box=[(0, 3)] |V|=16 |E|=20: acyclic-tight hom EXISTS (chi_c(piece) < p/q) | cross-check K_7/3: hom -> agree
   box=[(0, 4)] |V|=20 |E|=32: every hom has a tight cycle (chi_c(piece) = p/q) | cross-check K_19/8: no hom -> agree
   -> {'name': 'Z x Z/4, S={(4,1),(2,2),(1,2)}', 'kappa': '5/12', 'chi_c': '12/5', 'first_piece_with_chi_c': {'box': [(0, 4)], 'V': 20, 'E': 32}, 'time_s': 0.2}
== Z x Z/3, S={(4,0),(3,0),(0,1)}: kappa=1/3, chi_c=3
   box=[(0, 1)] |V|=6 |E|=6: every hom has a tight cycle (chi_c(piece) = p/q) | cross-check K_5/2: no hom -> agree
   -> {'name': 'Z x Z/3, S={(4,0),(3,0),(0,1)}', 'kappa': '1/3', 'chi_c': '3', 'first_piece_with_chi_c': {'box': [(0, 1)], 'V': 6, 'E': 6}, 'time_s': 0.0}
