== Z, D={3,4,9,12}: kappa=2/7, chi_c=7/2
   box=[(0, 6)] |V|=7 |E|=7: acyclic-tight hom EXISTS (chi_c(piece) < p/q) | cross-check K_3/1: hom -> agree
   box=[(0, 7)] |V|=8 |E|=9: acyclic-tight hom EXISTS (chi_c(piece) < p/q) | cross-check K_3/1: hom -> agree
   box=[(0, 8)] |V|=9 |E|=11: acyclic-tight hom EXISTS (chi_c(piece) < p/q) | cross-check K_3/1: hom -> agree
   box=[(0, 9)] |V|=10 |E|=14: acyclic-tight hom EXISTS (chi_c(piece) < p/q) | cross-check K_10/3: hom -> agree
   box=[(0, 10)] |V|=11 |E|=17: acyclic-tight hom EXISTS (chi_c(piece) < p/q) | cross-check K_10/3: hom -> agree
   box=[(0, 11)] |V|=12 |E|=20: acyclic-tight hom EXISTS (chi_c(piece) < p/q) | cross-check K_10/3: hom -> agree
   box=[(0, 12)] |V|=13 |E|=24: acyclic-tight hom EXISTS (chi_c(piece) < p/q) | cross-check K_10/3: hom -> agree
   box=[(0, 13)] |V|=14 |E|=28: acyclic-tight hom EXISTS (chi_c(piece) < p/q) | cross-check K_10/3: hom -> agree
   box=[(0, 14)] |V|=15 |E|=32: acyclic-tight hom EXISTS (chi_c(piece) < p/q) | cross-check K_10/3: hom -> agree
   box=[(0, 15)] |V|=16 |E|=36: acyclic-tight hom EXISTS (chi_c(piece) < p/q) | cross-check K_10/3: hom -> agree
   box=[(0, 16)] |V|=17 |E|=40: acyclic-tight hom EXISTS (chi_c(piece) < p/q) | cross-check K_17/5: hom -> agree
   box=[(0, 17)] |V|=18 |E|=44: acyclic-tight hom EXISTS (chi_c(piece) < p/q) | cross-check K_17/5: hom -> agree
   box=[(0, 18)] |V|=19 |E|=48: every hom has a tight cycle (chi_c(piece) = p/q) | cross-check K_17/5: no hom -> agree
   -> {'name': 'Z, D={3,4,9,12}', 'kappa': '2/7', 'chi_c': '7/2', 'first_piece_with_chi_c': {'box': [(0, 18)], 'V': 19, 'E': 48}, 'time_s': 0.1}
== Z, D={5,3}+... (16/5 via Z x Z/2): kappa=5/16, chi_c=16/5
   box=[(0, 2)] |V|=6 |E|=2: acyclic-tight hom EXISTS (chi_c(piece) < p/q) | cross-check K_3/1: hom -> agree
   box=[(0, 3)] |V|=8 |E|=6: acyclic-tight hom EXISTS (chi_c(piece) < p/q) | cross-check K_3/1: hom -> agree
   box=[(0, 4)] |V|=10 |E|=10: acyclic-tight hom EXISTS (chi_c(piece) < p/q) | cross-check K_3/1: hom -> agree
   box=[(0, 5)] |V|=12 |E|=16: acyclic-tight hom EXISTS (chi_c(piece) < p/q) | cross-check K_3/1: hom -> agree
   box=[(0, 6)] |V|=14 |E|=22: acyclic-tight hom EXISTS (chi_c(piece) < p/q) | cross-check K_3/1: hom -> agree
   box=[(0, 7)] |V|=16 |E|=28: acyclic-tight hom EXISTS (chi_c(piece) < p/q) | cross-check K_3/1: hom -> agree
   box=[(0, 8)] |V|=18 |E|=34: acyclic-tight hom EXISTS (chi_c(piece) < p/q) | cross-check K_3/1: hom -> agree
   box=[(0, 9)] |V|=20 |E|=40: every hom has a tight cycle (chi_c(piece) = p/q) | cross-check K_19/6: no hom -> agree
   -> {'name': 'Z, D={5,3}+... (16/5 via Z x Z/2)', 'kappa': '5/16', 'chi_c': '16/5', 'first_piece_with_chi_c': {'box': [(0, 9)], 'V': 20, 'E': 40}, 'time_s': 0.7}
== Z, D={2,5,9}: kappa=3/7, chi_c=7/3
   box=[(0, 2)] |V|=3 |E|=1: acyclic-tight hom EXISTS (chi_c(piece) < p/q) | cross-check K_2/1: hom -> agree
   box=[(0, 3)] |V|=4 |E|=2: acyclic-tight hom EXISTS (chi_c(piece) < p/q) | cross-check K_2/1: hom -> agree
   box=[(0, 4)] |V|=5 |E|=3: acyclic-tight hom EXISTS (chi_c(piece) < p/q) | cross-check K_2/1: hom -> agree
   box=[(0, 5)] |V|=6 |E|=5: acyclic-tight hom EXISTS (chi_c(piece) < p/q) | cross-check K_2/1: hom -> agree
   box=[(0, 6)] |V|=7 |E|=7: every hom has a tight cycle (chi_c(piece) = p/q) | cross-check K_2/1: no hom -> agree
   -> {'name': 'Z, D={2,5,9}', 'kappa': '3/7', 'chi_c': '7/3', 'first_piece_with_chi_c': {'box': [(0, 6)], 'V': 7, 'E': 7}, 'time_s': 0.0}
== Z, D={1,3,8}: kappa=4/11, chi_c=11/4
   box=[(0, 2)] |V|=3 |E|=2: acyclic-tight hom EXISTS (chi_c(piece) < p/q) | cross-check K_2/1: hom -> agree
   box=[(0, 3)] |V|=4 |E|=4: acyclic-tight hom EXISTS (chi_c(piece) < p/q) | cross-check K_2/1: hom -> agree
   box=[(0, 4)] |V|=5 |E|=6: acyclic-tight hom EXISTS (chi_c(piece) < p/q) | cross-check K_5/2: hom -> agree
   box=[(0, 5)] |V|=6 |E|=8: acyclic-tight hom EXISTS (chi_c(piece) < p/q) | cross-check K_5/2: hom -> agree
   box=[(0, 6)] |V|=7 |E|=10: acyclic-tight hom EXISTS (chi_c(piece) < p/q) | cross-check K_5/2: hom -> agree
   box=[(0, 7)] |V|=8 |E|=12: acyclic-tight hom EXISTS (chi_c(piece) < p/q) | cross-check K_8/3: hom -> agree
   box=[(0, 8)] |V|=9 |E|=15: acyclic-tight hom EXISTS (chi_c(piece) < p/q) | cross-check K_8/3: hom -> agree
   box=[(0, 9)] |V|=10 |E|=18: acyclic-tight hom EXISTS (chi_c(piece) < p/q) | cross-check K_8/3: hom -> agree
   box=[(0, 10)] |V|=11 |E|=21: every hom has a tight cycle (chi_c(piece) = p/q) | cross-check K_8/3: no hom -> agree
   -> {'name': 'Z, D={1,3,8}', 'kappa': '4/11', 'chi_c': '11/4', 'first_piece_with_chi_c': {'box': [(0, 10)], 'V': 11, 'E': 21}, 'time_s': 0.1}
