P1 instances                                                 40
P1 proper colourings (c(x0)=0)                               42312
P1 tight-cycle-free colourings                               34158
P1-control[U meets -U] moves del                             31
P1-control[U meets -U] moves ins                             397
P1-control[U meets -U] moves swap                            52
P1-control[U meets -U] moves swap_degenerate                 40
P1-control[U meets -U] violations a                          0
P1-control[U meets -U] violations b                          18
P1-control[U meets -U] violations c                          216
P1-control[U meets -U] violations c_deg                      0
P1-control[U meets -U] violations d                          18
P1-control[U meets -U] walks                                 20
P1-control[has tight cycle] moves del                        4780
P1-control[has tight cycle] moves ins                        61494
P1-control[has tight cycle] moves swap                       4509
P1-control[has tight cycle] moves swap_degenerate            2094
P1-control[has tight cycle] violations a                     0
P1-control[has tight cycle] violations b                     0
P1-control[has tight cycle] violations c                     2010
P1-control[has tight cycle] violations c_deg                 0
P1-control[has tight cycle] violations d                     59
P1-control[has tight cycle] walks                            2850
P1[no tight cycle] moves del                                 7989
P1[no tight cycle] moves ins                                 77536
P1[no tight cycle] moves swap                                5466
P1[no tight cycle] moves swap_degenerate                     3146
P1[no tight cycle] violations a                              0
P1[no tight cycle] violations b                              0
P1[no tight cycle] violations c                              0
P1[no tight cycle] violations c_deg                          0
P1[no tight cycle] violations d                              0
P1[no tight cycle] walks                                     4200
P2 bubble-sort walks checked                                 7598
P2 character claim tested                                    2374
P2 instances                                                 12
P2 mcmc accepted recolourings                                2705
P2 per(W_rho) == sum n_u f(u) (character colouring)          95
P2 relations rho in S                                        190
P2 triples                                                   572
P2 |H| total                                                 1562
