seed 47: 9 points, distinct True, 12 edges, induced (edges == all unit pairs): True; iso M: True, iso H7: False; hom to K_8/3: False; 3-colourable: True
     (-88, 0, 64, 8)
     (-60, 3, 45, 4)
     (-60, 8, 120, 4)
     (-36, 4, 12, 12)
     (0, 0, 0, 0)
     (48, 0, 64, 0)
     (20, 8, 120, 4)
     (-36, 4, 92, 12)
     (-20, -2, 30, 4)
   check_small: (1) Q(sqrt31): 9 points, 12 edges, every edge at distance exactly 1, and no other unit pair (induced) | (2) the colouring is a (3,1)-colouring: chi_c(H) <= 3/1 | (3) all 19683 maps V -> Z/3: 126 (3,1)-colourings, each with a tight cycle (one of the 8 listed cycles): chi_c(H) = 3/1 by Lemma 20 | (4) no homomorphism to K_8/3, the largest fraction below 3/1 with numerator <= 9: chi_c(H) = 3/1 again | 
seed 2058: 9 points, distinct True, 13 edges, induced (edges == all unit pairs): True; iso M: False, iso H7: True; hom to K_8/3: False; 3-colourable: True
     (-80, 0, 0, 0)
     (-68, -2, -34, 4)
     (-68, 2, 34, 4)
     (0, 0, 0, 0)
     (-12, -2, -34, -4)
     (-136, 0, 0, 8)
     (-40, -6, -22, 0)
     (-40, 6, 22, 0)
     (-108, -8, -56, 4)
   check_small: (1) Q(sqrt31): 9 points, 13 edges, every edge at distance exactly 1, and no other unit pair (induced) | (2) the colouring is a (3,1)-colouring: chi_c(H) <= 3/1 | (3) all 19683 maps V -> Z/3: 84 (3,1)-colourings, each with a tight cycle (one of the 6 listed cycles): chi_c(H) = 3/1 by Lemma 20 | (4) no homomorphism to K_8/3, the largest fraction below 3/1 with numerator <= 9: chi_c(H) = 3/1 again |  
seed 914: 9 points, distinct True, 13 edges, induced (edges == all unit pairs): True; iso M: False, iso H7: True; hom to K_8/3: False; 3-colourable: True
     (-60, 3, 45, 4)
     (0, -5, -75, 0)
     (0, 0, 0, 0)
     (68, -2, 34, 4)
     (-12, -2, 34, 4)
     (68, 3, 109, 4)
     (-12, 3, 109, 4)
     (20, 3, 45, 4)
     (48, -5, -11, 0)
   check_small: (1) Q(sqrt31): 9 points, 13 edges, every edge at distance exactly 1, and no other unit pair (induced) | (2) the colouring is a (3,1)-colouring: chi_c(H) <= 3/1 | (3) all 19683 maps V -> Z/3: 84 (3,1)-colourings, each with a tight cycle (one of the 6 listed cycles): chi_c(H) = 3/1 by Lemma 20 | (4) no homomorphism to K_8/3, the largest fraction below 3/1 with numerator <= 9: chi_c(H) = 3/1 again |  
seed 330: 9 points, distinct True, 13 edges, induced (edges == all unit pairs): True; iso M: False, iso H7: True; hom to K_8/3: False; 3-colourable: True
     (0, 0, -80, 0)
     (0, 0, 0, 0)
     (11, 0, -32, -5)
     (11, 0, 48, -5)
     (56, 4, 28, -8)
     (75, 0, 0, -5)
     (45, 4, -20, -3)
     (75, 0, -80, -5)
     (-19, 4, 28, -3)
   check_small: (1) Q(sqrt31): 9 points, 13 edges, every edge at distance exactly 1, and no other unit pair (induced) | (2) the colouring is a (3,1)-colouring: chi_c(H) <= 3/1 | (3) all 19683 maps V -> Z/3: 84 (3,1)-colourings, each with a tight cycle (one of the 6 listed cycles): chi_c(H) = 3/1 by Lemma 20 | (4) no homomorphism to K_8/3, the largest fraction below 3/1 with numerator <= 9: chi_c(H) = 3/1 again |  
