'Q23.chromaticNumber_eq_four' depends on axioms: [propext, Classical.choice, Quot.sound]
'Q311.chromaticNumber_eq_four' depends on axioms: [propext, Classical.choice, Quot.sound]
'Sqrt11.chromaticNumber_eq_four' depends on axioms: [propext, Classical.choice, Quot.sound]
'Sqrt119.chromaticNumber_eq_four' depends on axioms: [propext, Classical.choice, Quot.sound]
'Sqrt131.chromaticNumber_eq_four' depends on axioms: [propext, Classical.choice, Quot.sound]
'Sqrt179.chromaticNumber_eq_four' depends on axioms: [propext, Classical.choice, Quot.sound]
'Sqrt191.chromaticNumber_eq_four' depends on axioms: [propext, Classical.choice, Quot.sound]
'Sqrt251.chromaticNumber_eq_four' depends on axioms: [propext, Classical.choice, Quot.sound]
'Sqrt431.chromaticNumber_eq_four' depends on axioms: [propext, Classical.choice, Quot.sound]
'Sqrt455.chromaticNumber_eq_four' depends on axioms: [propext, Classical.choice, Quot.sound]
'Sqrt911.chromaticNumber_eq_four' depends on axioms: [propext, Classical.choice, Quot.sound]
'Sqrt935.chromaticNumber_eq_four' depends on axioms: [propext, Classical.choice, Quot.sound]
'Sqrt23.chromaticNumber_eq_four_of_unsatisfiable' depends on axioms: [propext, Classical.choice, Quot.sound]
'Sqrt35.chromaticNumber_eq_four_of_unsatisfiable' depends on axioms: [propext, Classical.choice, Quot.sound]
'Sqrt47.not_colorable_three_of_unsatisfiable' depends on axioms: [propext, Classical.choice, Quot.sound]
'Sqrt59.chromaticNumber_eq_four_of_unsatisfiable' depends on axioms: [propext, Classical.choice, Quot.sound]
'Sqrt71.chromaticNumber_eq_four_of_unsatisfiable' depends on axioms: [propext, Classical.choice, Quot.sound]
'Sqrt95.chromaticNumber_eq_four_of_unsatisfiable' depends on axioms: [propext, Classical.choice, Quot.sound]
'Sqrt155.chromaticNumber_eq_four_of_unsatisfiable' depends on axioms: [propext, Classical.choice, Quot.sound]
'Sqrt239.chromaticNumber_eq_four_of_unsatisfiable' depends on axioms: [propext, Classical.choice, Quot.sound]
'Sqrt263.chromaticNumber_eq_four_of_unsatisfiable' depends on axioms: [propext, Classical.choice, Quot.sound]
'Sqrt359.chromaticNumber_eq_four_of_unsatisfiable' depends on axioms: [propext, Classical.choice, Quot.sound]
'Sqrt443.chromaticNumber_eq_four_of_unsatisfiable' depends on axioms: [propext, Classical.choice, Quot.sound]
'Sqrt491.chromaticNumber_eq_four_of_unsatisfiable' depends on axioms: [propext, Classical.choice, Quot.sound]
'Sqrt599.chromaticNumber_eq_four_of_unsatisfiable' depends on axioms: [propext, Classical.choice, Quot.sound]
'Sqrt611.chromaticNumber_eq_four_of_unsatisfiable' depends on axioms: [propext, Classical.choice, Quot.sound]
'Sqrt791.chromaticNumber_eq_four_of_unsatisfiable' depends on axioms: [propext, Classical.choice, Quot.sound]
'Sqrt851.chromaticNumber_eq_four_of_unsatisfiable' depends on axioms: [propext, Classical.choice, Quot.sound]
'Sqrt959.chromaticNumber_eq_four_of_unsatisfiable' depends on axioms: [propext, Classical.choice, Quot.sound]
'PadicPlanes.padicSeven_chromaticNumber' depends on axioms: [propext, Classical.choice, Quot.sound]
'PadicPlanes.padicThree_chromaticNumber' depends on axioms: [propext, Classical.choice, Quot.sound]
'PadicPlanes.padicTwo_chromaticNumber' depends on axioms: [propext, Classical.choice, Quot.sound]
'TheoremW.theoremW_finite' depends on axioms: [propext, Classical.choice, Quot.sound]
'TheoremW.theoremW_finite_finset' depends on axioms: [propext, Classical.choice, Quot.sound]
'GKR.question3' depends on axioms: [propext, Classical.choice, Quot.sound]
'GKR.chromatic_recurrence' depends on axioms: [propext, Classical.choice, Quot.sound]
'TheoremWplus.theoremWplus_general' depends on axioms: [propext, Classical.choice, Quot.sound]
'TheoremWplus.theoremWplus_finite' depends on axioms: [propext, Classical.choice, Quot.sound]
'TheoremWplus.converse_of_lift' depends on axioms: [propext, Classical.choice, Quot.sound]
'TheoremWplus.converse' depends on axioms: [propext, Classical.choice, Quot.sound]
