'Q23.chromaticNumber_eq_four' depends on axioms: [propext, Classical.choice, Quot.sound]
'Q311.chromaticNumber_eq_four' depends on axioms: [propext, Classical.choice, Quot.sound]
'Sqrt11.chromaticNumber_eq_four' depends on axioms: [propext, Classical.choice, Quot.sound]
'Sqrt119.chromaticNumber_eq_four' depends on axioms: [propext, Classical.choice, Quot.sound]
'Sqrt131.chromaticNumber_eq_four' depends on axioms: [propext, Classical.choice, Quot.sound]
'Sqrt179.chromaticNumber_eq_four' depends on axioms: [propext, Classical.choice, Quot.sound]
'Sqrt191.chromaticNumber_eq_four' depends on axioms: [propext, Classical.choice, Quot.sound]
'Sqrt251.chromaticNumber_eq_four' depends on axioms: [propext, Classical.choice, Quot.sound]
'Sqrt431.chromaticNumber_eq_four' depends on axioms: [propext, Classical.choice, Quot.sound]
'Sqrt455.chromaticNumber_eq_four' depends on axioms: [propext, Classical.choice, Quot.sound]
'Sqrt911.chromaticNumber_eq_four' depends on axioms: [propext, Classical.choice, Quot.sound]
'Sqrt935.chromaticNumber_eq_four' depends on axioms: [propext, Classical.choice, Quot.sound]
