cert_107_1170.json.gz {'d': 107, 'D': 1170, 'units': 90, 'relations': 86, 'nodes': 12785, 'leaves': 9618, 'maxdepth': 44, 'rankU': 4, 'rankR': 86, 'saturated': True, 'complete_UD': True, 'all_UD': 90}
cert_11_30.json.gz {'d': 11, 'D': 30, 'units': 16, 'relations': 12, 'nodes': 1115, 'leaves': 850, 'maxdepth': 12, 'rankU': 4, 'rankR': 12, 'saturated': True, 'complete_UD': False, 'all_UD': 54}
cert_143_1740.json.gz {'d': 143, 'D': 1740, 'units': 54, 'relations': 50, 'nodes': 3861, 'leaves': 2710, 'maxdepth': 39, 'rankU': 4, 'rankR': 50, 'saturated': True, 'complete_UD': True, 'all_UD': 54}
cert_167_1560.json.gz {'d': 167, 'D': 1560, 'units': 54, 'relations': 50, 'nodes': 8552, 'leaves': 6094, 'maxdepth': 38, 'rankU': 4, 'rankR': 50, 'saturated': True, 'complete_UD': True, 'all_UD': 54}
cert_203_1530.json.gz {'d': 203, 'D': 1530, 'units': 78, 'relations': 74, 'nodes': 1072, 'leaves': 732, 'maxdepth': 36, 'rankU': 4, 'rankR': 74, 'saturated': True, 'complete_UD': True, 'all_UD': 78}
cert_83_510_full.json.gz {'d': 83, 'D': 510, 'units': 54, 'relations': 50, 'nodes': 6886, 'leaves': 4664, 'maxdepth': 36, 'rankU': 4, 'rankR': 50, 'saturated': True, 'complete_UD': True, 'all_UD': 54}
cert_83_510_min28.json.gz {'d': 83, 'D': 510, 'units': 28, 'relations': 24, 'nodes': 98300, 'leaves': 79686, 'maxdepth': 23, 'rankU': 4, 'rankR': 24, 'saturated': True, 'complete_UD': False, 'all_UD': 54}
family/cert_f11_11_k2.json.gz {'d': 11, 'D': 4650, 'units': 40, 'relations': 36, 'nodes': 1703, 'leaves': 1292, 'maxdepth': 35, 'rankU': 4, 'rankR': 36, 'saturated': True, 'complete_UD': False, 'all_UD': 450}
family/cert_f11_131_k3.json.gz {'d': 131, 'D': 338250, 'units': 56, 'relations': 52, 'nodes': 15175, 'leaves': 11654, 'maxdepth': 50, 'rankU': 4, 'rankR': 52, 'saturated': True, 'complete_UD': None, 'all_UD': None}
family/cert_f11_155_k3.json.gz {'d': 155, 'D': 419250, 'units': 56, 'relations': 52, 'nodes': 20880, 'leaves': 16216, 'maxdepth': 50, 'rankU': 4, 'rankR': 52, 'saturated': True, 'complete_UD': None, 'all_UD': None}
family/cert_f11_35_k2.json.gz {'d': 35, 'D': 7650, 'units': 40, 'relations': 36, 'nodes': 3303, 'leaves': 2374, 'maxdepth': 34, 'rankU': 4, 'rankR': 36, 'saturated': True, 'complete_UD': False, 'all_UD': 410}
family/cert_f11_59_k2.json.gz {'d': 59, 'D': 5250, 'units': 40, 'relations': 36, 'nodes': 5896, 'leaves': 4247, 'maxdepth': 35, 'rankU': 4, 'rankR': 36, 'saturated': True, 'complete_UD': False, 'all_UD': 294}
family/cert_f11_83_k3.json.gz {'d': 83, 'D': 194250, 'units': 56, 'relations': 52, 'nodes': 46078, 'leaves': 37446, 'maxdepth': 49, 'rankU': 4, 'rankR': 52, 'saturated': True, 'complete_UD': None, 'all_UD': None}
family/cert_f23_119_k3.json.gz {'d': 119, 'D': 7500, 'units': 42, 'relations': 38, 'nodes': 3185, 'leaves': 2283, 'maxdepth': 29, 'rankU': 4, 'rankR': 38, 'saturated': True, 'complete_UD': False, 'all_UD': 246}
family/cert_f23_143_k3.json.gz {'d': 143, 'D': 9000, 'units': 42, 'relations': 38, 'nodes': 29442, 'leaves': 23596, 'maxdepth': 37, 'rankU': 4, 'rankR': 38, 'saturated': True, 'complete_UD': False, 'all_UD': 70}
family/cert_f23_167_k3.json.gz {'d': 167, 'D': 10500, 'units': 42, 'relations': 38, 'nodes': 6208, 'leaves': 4810, 'maxdepth': 37, 'rankU': 4, 'rankR': 38, 'saturated': True, 'complete_UD': False, 'all_UD': 70}
family/cert_f23_191_k3.json.gz {'d': 191, 'D': 12000, 'units': 42, 'relations': 38, 'nodes': 8416, 'leaves': 6184, 'maxdepth': 34, 'rankU': 4, 'rankR': 38, 'saturated': True, 'complete_UD': False, 'all_UD': 398}
family/cert_f23_215_k3.json.gz {'d': 215, 'D': 13500, 'units': 42, 'relations': 38, 'nodes': 32938, 'leaves': 26752, 'maxdepth': 36, 'rankU': 4, 'rankR': 38, 'saturated': True, 'complete_UD': False, 'all_UD': 66}
family/cert_f23_239_k3.json.gz {'d': 239, 'D': 15000, 'units': 42, 'relations': 38, 'nodes': 12306, 'leaves': 9642, 'maxdepth': 35, 'rankU': 4, 'rankR': 38, 'saturated': True, 'complete_UD': False, 'all_UD': 306}
family/cert_f23_23_k2.json.gz {'d': 23, 'D': 300, 'units': 30, 'relations': 26, 'nodes': 5541, 'leaves': 3862, 'maxdepth': 21, 'rankU': 4, 'rankR': 26, 'saturated': True, 'complete_UD': False, 'all_UD': 50}
family/cert_f23_263_k3.json.gz {'d': 263, 'D': 16500, 'units': 42, 'relations': 38, 'nodes': 29256, 'leaves': 23230, 'maxdepth': 36, 'rankU': 4, 'rankR': 38, 'saturated': True, 'complete_UD': True, 'all_UD': 42}
family/cert_f23_287_k3.json.gz {'d': 287, 'D': 18000, 'units': 42, 'relations': 38, 'nodes': 19828, 'leaves': 15464, 'maxdepth': 36, 'rankU': 4, 'rankR': 38, 'saturated': True, 'complete_UD': False, 'all_UD': 126}
family/cert_f23_311_k3.json.gz {'d': 311, 'D': 19500, 'units': 42, 'relations': 38, 'nodes': 10043, 'leaves': 7490, 'maxdepth': 36, 'rankU': 4, 'rankR': 38, 'saturated': True, 'complete_UD': False, 'all_UD': 698}
family/cert_f23_47_k2.json.gz {'d': 47, 'D': 600, 'units': 30, 'relations': 26, 'nodes': 8278, 'leaves': 6622, 'maxdepth': 25, 'rankU': 4, 'rankR': 26, 'saturated': True, 'complete_UD': False, 'all_UD': 50}
family/cert_f23_71_k2.json.gz {'d': 71, 'D': 900, 'units': 30, 'relations': 26, 'nodes': 3207, 'leaves': 2188, 'maxdepth': 25, 'rankU': 4, 'rankR': 26, 'saturated': True, 'complete_UD': False, 'all_UD': 182}
family/cert_f23_95_k2.json.gz {'d': 95, 'D': 1200, 'units': 30, 'relations': 26, 'nodes': 3692, 'leaves': 2628, 'maxdepth': 26, 'rankU': 4, 'rankR': 26, 'saturated': True, 'complete_UD': False, 'all_UD': 98}
